2025-12-18 20:40:48 [twisted] CRITICAL: Unhandled error in Deferred:
2025-12-18 20:40:48 [twisted] CRITICAL: 
Traceback (most recent call last):
  File "C:\Users\yelan\AppData\Local\Packages\PythonSoftwareFoundation.Python.3.8_qbz5n2kfra8p0\LocalCache\local-packages\Python38\site-packages\twisted\internet\defer.py", line 1857, in _inlineCallbacks
    result = context.run(gen.send, result)
  File "C:\Users\yelan\AppData\Local\Packages\PythonSoftwareFoundation.Python.3.8_qbz5n2kfra8p0\LocalCache\local-packages\Python38\site-packages\scrapy\crawler.py", line 158, in crawl
    self.engine = self._create_engine()
  File "C:\Users\yelan\AppData\Local\Packages\PythonSoftwareFoundation.Python.3.8_qbz5n2kfra8p0\LocalCache\local-packages\Python38\site-packages\scrapy\crawler.py", line 172, in _create_engine
    return ExecutionEngine(self, lambda _: self.stop())
  File "C:\Users\yelan\AppData\Local\Packages\PythonSoftwareFoundation.Python.3.8_qbz5n2kfra8p0\LocalCache\local-packages\Python38\site-packages\scrapy\core\engine.py", line 100, in __init__
    self.downloader: Downloader = downloader_cls(crawler)
  File "C:\Users\yelan\AppData\Local\Packages\PythonSoftwareFoundation.Python.3.8_qbz5n2kfra8p0\LocalCache\local-packages\Python38\site-packages\scrapy\core\downloader\__init__.py", line 97, in __init__
    DownloaderMiddlewareManager.from_crawler(crawler)
  File "C:\Users\yelan\AppData\Local\Packages\PythonSoftwareFoundation.Python.3.8_qbz5n2kfra8p0\LocalCache\local-packages\Python38\site-packages\scrapy\middleware.py", line 90, in from_crawler
    return cls.from_settings(crawler.settings, crawler)
  File "C:\Users\yelan\AppData\Local\Packages\PythonSoftwareFoundation.Python.3.8_qbz5n2kfra8p0\LocalCache\local-packages\Python38\site-packages\scrapy\middleware.py", line 66, in from_settings
    mwcls = load_object(clspath)
  File "C:\Users\yelan\AppData\Local\Packages\PythonSoftwareFoundation.Python.3.8_qbz5n2kfra8p0\LocalCache\local-packages\Python38\site-packages\scrapy\utils\misc.py", line 79, in load_object
    mod = import_module(module)
  File "C:\Program Files\WindowsApps\PythonSoftwareFoundation.Python.3.8_3.8.2800.0_x64__qbz5n2kfra8p0\lib\importlib\__init__.py", line 127, in import_module
    return _bootstrap._gcd_import(name[level:], package, level)
  File "<frozen importlib._bootstrap>", line 1014, in _gcd_import
  File "<frozen importlib._bootstrap>", line 991, in _find_and_load
  File "<frozen importlib._bootstrap>", line 961, in _find_and_load_unlocked
  File "<frozen importlib._bootstrap>", line 219, in _call_with_frames_removed
  File "<frozen importlib._bootstrap>", line 1014, in _gcd_import
  File "<frozen importlib._bootstrap>", line 991, in _find_and_load
  File "<frozen importlib._bootstrap>", line 973, in _find_and_load_unlocked
ModuleNotFoundError: No module named 'scrapy_user_agents'
2025-12-18 20:42:22 [scrapy_user_agents.user_agent_picker] WARNING: [UnsupportedBrowserType] Family: Android
2025-12-18 20:42:22 [scrapy_user_agents.user_agent_picker] WARNING: [UnsupportedDeviceType] Family: Other, Brand: None, Model: None
2025-12-18 20:42:22 [scrapy_user_agents.user_agent_picker] WARNING: [UnsupportedDeviceType] Family: Other, Brand: None, Model: None
2025-12-18 20:42:22 [scrapy_user_agents.user_agent_picker] WARNING: [UnsupportedDeviceType] Family: Other, Brand: None, Model: None
2025-12-18 20:42:22 [scrapy_user_agents.user_agent_picker] WARNING: [UnsupportedDeviceType] Family: Sony BDV13, Brand: Sony, Model: BDV13
2025-12-18 20:42:22 [scrapy_user_agents.user_agent_picker] WARNING: [UnsupportedDeviceType] Family: Nintendo DSi, Brand: Nintendo, Model: DSi
2025-12-18 20:42:22 [scrapy_user_agents.user_agent_picker] WARNING: [UnsupportedDeviceType] Family: Other, Brand: None, Model: None
2025-12-18 20:42:22 [scrapy_user_agents.user_agent_picker] WARNING: [UnsupportedBrowserType] Family: Other
2025-12-18 20:42:22 [scrapy_user_agents.user_agent_picker] WARNING: [UnsupportedDeviceType] Family: LYF F90M, Brand: LYF, Model: F90M
2025-12-18 20:42:22 [scrapy_user_agents.user_agent_picker] WARNING: [UnsupportedDeviceType] Family: Sony BDV14, Brand: Sony, Model: BDV14
2025-12-18 20:42:22 [scrapy_user_agents.user_agent_picker] WARNING: [UnsupportedDeviceType] Family: LG Web0S SmartTV, Brand: LG, Model: Web0S SmartTV
2025-12-18 20:42:22 [scrapy_user_agents.user_agent_picker] WARNING: [UnsupportedDeviceType] Family: Other, Brand: None, Model: None
2025-12-18 20:42:22 [scrapy_user_agents.user_agent_picker] WARNING: [UnsupportedDeviceType] Family: Other, Brand: None, Model: None
2025-12-18 20:42:22 [scrapy_user_agents.user_agent_picker] WARNING: [UnsupportedDeviceType] Family: Other, Brand: None, Model: None
2025-12-18 20:42:22 [scrapy_user_agents.user_agent_picker] WARNING: [UnsupportedDeviceType] Family: Other, Brand: None, Model: None
2025-12-18 20:42:22 [scrapy_user_agents.user_agent_picker] WARNING: [UnsupportedDeviceType] Family: Other, Brand: None, Model: None
2025-12-18 20:42:22 [scrapy_user_agents.user_agent_picker] WARNING: [UnsupportedDeviceType] Family: Other, Brand: None, Model: None
2025-12-18 20:42:22 [scrapy_user_agents.user_agent_picker] WARNING: [UnsupportedDeviceType] Family: Other, Brand: None, Model: None
2025-12-18 20:42:22 [scrapy_user_agents.user_agent_picker] WARNING: [UnsupportedDeviceType] Family: Sony BDV11, Brand: Sony, Model: BDV11
2025-12-18 20:42:22 [scrapy_user_agents.user_agent_picker] WARNING: [UnsupportedDeviceType] Family: Other, Brand: None, Model: None
2025-12-18 20:42:22 [scrapy_user_agents.user_agent_picker] WARNING: [UnsupportedDeviceType] Family: Other, Brand: None, Model: None
2025-12-18 20:42:22 [scrapy_user_agents.user_agent_picker] WARNING: [UnsupportedDeviceType] Family: Other, Brand: None, Model: None
2025-12-18 20:42:22 [scrapy_user_agents.user_agent_picker] WARNING: [UnsupportedDeviceType] Family: Other, Brand: None, Model: None
2025-12-18 20:42:22 [scrapy_user_agents.user_agent_picker] WARNING: [UnsupportedDeviceType] Family: Nintendo DSi, Brand: Nintendo, Model: DSi
2025-12-18 20:42:22 [scrapy_user_agents.user_agent_picker] WARNING: [UnsupportedDeviceType] Family: LYF LF-2403N, Brand: LYF, Model: LF-2403N
2025-12-18 20:42:22 [scrapy_user_agents.user_agent_picker] WARNING: [UnsupportedDeviceType] Family: LYF F90M, Brand: LYF, Model: F90M
2025-12-18 20:42:23 [scrapy_user_agents.user_agent_picker] WARNING: [UnsupportedDeviceType] Family: Other, Brand: None, Model: None
2025-12-18 20:42:23 [scrapy_user_agents.user_agent_picker] WARNING: [UnsupportedDeviceType] Family: Other, Brand: None, Model: None
2025-12-18 20:42:23 [scrapy_user_agents.user_agent_picker] WARNING: [UnsupportedBrowserType] Family: Applebot
2025-12-18 20:42:23 [scrapy_user_agents.user_agent_picker] WARNING: [UnsupportedDeviceType] Family: Other, Brand: None, Model: None
2025-12-18 20:42:23 [scrapy_user_agents.user_agent_picker] WARNING: [UnsupportedBrowserType] Family: Applebot
2025-12-18 20:42:23 [scrapy_user_agents.user_agent_picker] WARNING: [UnsupportedBrowserType] Family: Other
2025-12-18 20:42:23 [scrapy_user_agents.user_agent_picker] WARNING: [UnsupportedBrowserType] Family: Other
2025-12-18 20:42:23 [scrapy_user_agents.user_agent_picker] WARNING: [UnsupportedBrowserType] Family: PhantomJS
2025-12-18 20:42:23 [scrapy_user_agents.user_agent_picker] WARNING: [UnsupportedBrowserType] Family: SMTBot
2025-12-18 20:42:23 [scrapy_user_agents.user_agent_picker] WARNING: [UnsupportedBrowserType] Family: PhantomJS
2025-12-18 20:42:23 [scrapy_user_agents.user_agent_picker] WARNING: [UnsupportedBrowserType] Family: PhantomJS
2025-12-18 20:42:23 [scrapy_user_agents.user_agent_picker] WARNING: [UnsupportedBrowserType] Family: WebKit Nightly
2025-12-18 20:42:23 [scrapy_user_agents.user_agent_picker] WARNING: [UnsupportedBrowserType] Family: PhantomJS
2025-12-18 20:42:23 [scrapy_user_agents.user_agent_picker] WARNING: [UnsupportedDeviceType] Family: Other, Brand: None, Model: None
2025-12-18 20:42:23 [scrapy_user_agents.user_agent_picker] WARNING: [UnsupportedBrowserType] Family: PhantomJS
2025-12-18 20:42:23 [scrapy_user_agents.user_agent_picker] WARNING: [UnsupportedBrowserType] Family: PhantomJS
2025-12-18 20:42:23 [scrapy_user_agents.user_agent_picker] WARNING: [UnsupportedBrowserType] Family: Robot
2025-12-18 20:42:23 [scrapy_user_agents.user_agent_picker] WARNING: [UnsupportedDeviceType] Family: Other, Brand: None, Model: None
2025-12-18 20:42:23 [scrapy_user_agents.user_agent_picker] WARNING: [UnsupportedBrowserType] Family: Zune
2025-12-18 20:42:23 [py.warnings] WARNING: C:\Users\yelan\AppData\Local\Packages\PythonSoftwareFoundation.Python.3.8_qbz5n2kfra8p0\LocalCache\local-packages\Python38\site-packages\scrapy\spidermiddlewares\offsite.py:15: ScrapyDeprecationWarning: The scrapy.spidermiddlewares.offsite module is deprecated, use scrapy.downloadermiddlewares.offsite instead.
  warnings.warn(

2025-12-18 20:42:25 [discussion_Detailed_Page_spiders] WARNING: 未找到预加载数据: https://discussion.fedoraproject.org/t/how-do-you-feel-about-the-new-design-of-start-fedoraproject-org-page/28689
2025-12-18 20:42:25 [discussion_Detailed_Page_spiders] WARNING: 未找到预加载数据: https://discussion.fedoraproject.org/t/annual-fedora-community-survey/30354
2025-12-18 20:42:26 [discussion_Detailed_Page_spiders] WARNING: 未找到预加载数据: https://discussion.fedoraproject.org/t/latest-fedora-36-wallpaper-request-for-feedback/37789
2025-12-18 20:42:27 [discussion_Detailed_Page_spiders] WARNING: 未找到预加载数据: https://discussion.fedoraproject.org/t/fedora-linux-42-beta-is-here-the-announcement-comments-topic/147247
2025-12-18 20:42:27 [discussion_Detailed_Page_spiders] WARNING: 未找到预加载数据: https://discussion.fedoraproject.org/t/fedora-kde-plasma-6-5-0/169599
2025-12-18 20:42:27 [discussion_Detailed_Page_spiders] WARNING: 未找到预加载数据: https://discussion.fedoraproject.org/t/f40-change-proposal-kde-plasma-6-system-wide/89794
2025-12-18 20:42:28 [discussion_Detailed_Page_spiders] WARNING: 未找到预加载数据: https://discussion.fedoraproject.org/t/f44-change-proposal-drop-i686-support-system-wide/156324
2025-12-18 20:42:29 [discussion_Detailed_Page_spiders] WARNING: 未找到预加载数据: https://discussion.fedoraproject.org/t/finally-made-the-switch/146518
2025-12-18 20:42:29 [discussion_Detailed_Page_spiders] WARNING: 未找到预加载数据: https://discussion.fedoraproject.org/t/encrypted-fedora-install-most-seamless-experience-ive-seen-yet/36201
2025-12-18 20:42:30 [discussion_Detailed_Page_spiders] WARNING: 未找到预加载数据: https://discussion.fedoraproject.org/t/i-am-ok-with-fedora-atomic-brand-now/86235
2025-12-18 20:42:30 [discussion_Detailed_Page_spiders] WARNING: 未找到预加载数据: https://discussion.fedoraproject.org/t/should-fedora-spins-be-rebranded-to-fedora-desktops/113366
2025-12-18 20:42:31 [discussion_Detailed_Page_spiders] WARNING: 未找到预加载数据: https://discussion.fedoraproject.org/t/future-of-encryption-in-fedora-desktop-variants/80397
2025-12-18 20:42:31 [discussion_Detailed_Page_spiders] WARNING: 未找到预加载数据: https://discussion.fedoraproject.org/t/fedora-datacenter-move-later-this-year-2025-version/143142
2025-12-18 20:42:32 [discussion_Detailed_Page_spiders] WARNING: 未找到预加载数据: https://discussion.fedoraproject.org/t/hello-landed-to-fedora-workstation-41-from-debian-12-bookworm-2-days-ago/141577
2025-12-18 20:42:33 [scrapy.core.downloader.handlers.http11] WARNING: Got data loss in https://discussion.fedoraproject.org/t/f40-change-proposal-wifi-mac-randomization-system-wide/99856. If you want to process broken responses set the setting DOWNLOAD_FAIL_ON_DATALOSS = False -- This message won't be shown in further requests
